[0.008s] Invoking command in '/home/loxirayax/rov_ws/build/rover_description': CMAKE_PREFIX_PATH=${CMAKE_PREFIX_PATH}:/opt/ros/jazzy DEBUGINFOD_URLS=https://debuginfod.ubuntu.com /usr/bin/cmake /home/loxirayax/rov_ws/src/rover_description -DAMENT_CMAKE_SYMLINK_INSTALL=1 -DCMAKE_INSTALL_PREFIX=/home/loxirayax/rov_ws/install/rover_description
[0.150s] -- The C compiler identification is GNU 13.3.0
[0.237s] -- The CXX compiler identification is GNU 13.3.0
[0.256s] -- Detecting C compiler ABI info
[0.344s] -- Detecting C compiler ABI info - done
[0.350s] -- Check for working C compiler: /usr/bin/cc - skipped
[0.350s] -- Detecting C compile features
[0.351s] -- Detecting C compile features - done
[0.363s] -- Detecting CXX compiler ABI info
[0.450s] -- Detecting CXX compiler ABI info - done
[0.456s] -- Check for working CXX compiler: /usr/bin/c++ - skipped
[0.456s] -- Detecting CXX compile features
[0.456s] -- Detecting CXX compile features - done
[0.459s] -- Found ament_cmake: 2.5.6 (/opt/ros/jazzy/share/ament_cmake/cmake)
[0.594s] -- Found Python3: /usr/bin/python3 (found version "3.12.3") found components: Interpreter 
[0.660s] -- Override CMake install command with custom implementation using symlinks instead of copying resources
[0.713s] -- Found ament_lint_auto: 0.17.5 (/opt/ros/jazzy/share/ament_lint_auto/cmake)
[0.802s] -- Added test 'lint_cmake' to check CMake code style
[0.803s] -- Added test 'xmllint' to check XML markup files
[0.804s] -- Configuring done (0.8s)
[0.806s] -- Generating done (0.0s)
[0.808s] -- Build files have been written to: /home/loxirayax/rov_ws/build/rover_description
[0.812s] Invoked command in '/home/loxirayax/rov_ws/build/rover_description' returned '0': CMAKE_PREFIX_PATH=${CMAKE_PREFIX_PATH}:/opt/ros/jazzy DEBUGINFOD_URLS=https://debuginfod.ubuntu.com /usr/bin/cmake /home/loxirayax/rov_ws/src/rover_description -DAMENT_CMAKE_SYMLINK_INSTALL=1 -DCMAKE_INSTALL_PREFIX=/home/loxirayax/rov_ws/install/rover_description
[0.813s] Invoking command in '/home/loxirayax/rov_ws/build/rover_description': CMAKE_PREFIX_PATH=${CMAKE_PREFIX_PATH}:/opt/ros/jazzy DEBUGINFOD_URLS=https://debuginfod.ubuntu.com /usr/bin/cmake --build /home/loxirayax/rov_ws/build/rover_description -- -j12 -l12
[0.845s] Invoked command in '/home/loxirayax/rov_ws/build/rover_description' returned '0': CMAKE_PREFIX_PATH=${CMAKE_PREFIX_PATH}:/opt/ros/jazzy DEBUGINFOD_URLS=https://debuginfod.ubuntu.com /usr/bin/cmake --build /home/loxirayax/rov_ws/build/rover_description -- -j12 -l12
[0.854s] Invoking command in '/home/loxirayax/rov_ws/build/rover_description': CMAKE_PREFIX_PATH=${CMAKE_PREFIX_PATH}:/opt/ros/jazzy DEBUGINFOD_URLS=https://debuginfod.ubuntu.com /usr/bin/cmake --install /home/loxirayax/rov_ws/build/rover_description
[0.860s] -- Install configuration: ""
[0.860s] -- Execute custom install script
[0.861s] -- Symlinking: /home/loxirayax/rov_ws/install/rover_description/share/ament_index/resource_index/package_run_dependencies/rover_description
[0.867s] -- Symlinking: /home/loxirayax/rov_ws/install/rover_description/share/ament_index/resource_index/parent_prefix_path/rover_description
[0.873s] -- Symlinking: /home/loxirayax/rov_ws/install/rover_description/share/rover_description/environment/ament_prefix_path.sh
[0.880s] -- Symlinking: /home/loxirayax/rov_ws/install/rover_description/share/rover_description/environment/ament_prefix_path.dsv
[0.886s] -- Symlinking: /home/loxirayax/rov_ws/install/rover_description/share/rover_description/environment/path.sh
[0.893s] -- Symlinking: /home/loxirayax/rov_ws/install/rover_description/share/rover_description/environment/path.dsv
[0.901s] -- Symlinking: /home/loxirayax/rov_ws/install/rover_description/share/rover_description/local_setup.bash
[0.908s] -- Symlinking: /home/loxirayax/rov_ws/install/rover_description/share/rover_description/local_setup.sh
[0.915s] -- Symlinking: /home/loxirayax/rov_ws/install/rover_description/share/rover_description/local_setup.zsh
[0.924s] -- Symlinking: /home/loxirayax/rov_ws/install/rover_description/share/rover_description/local_setup.dsv
[0.931s] -- Symlinking: /home/loxirayax/rov_ws/install/rover_description/share/rover_description/package.dsv
[0.941s] -- Symlinking: /home/loxirayax/rov_ws/install/rover_description/share/ament_index/resource_index/packages/rover_description
[0.946s] -- Symlinking: /home/loxirayax/rov_ws/install/rover_description/share/rover_description/cmake/rover_descriptionConfig.cmake
[0.952s] -- Symlinking: /home/loxirayax/rov_ws/install/rover_description/share/rover_description/cmake/rover_descriptionConfig-version.cmake
[0.958s] -- Symlinking: /home/loxirayax/rov_ws/install/rover_description/share/rover_description/package.xml
[0.965s] Invoked command in '/home/loxirayax/rov_ws/build/rover_description' returned '0': CMAKE_PREFIX_PATH=${CMAKE_PREFIX_PATH}:/opt/ros/jazzy DEBUGINFOD_URLS=https://debuginfod.ubuntu.com /usr/bin/cmake --install /home/loxirayax/rov_ws/build/rover_description
